// Jest Snapshot v1, https://goo.gl/fbAQLP

exports[`renders 1`] = `
<div>
  <div
    class="slider__wrapper"
  >
    <div
      class="slider"
    >
      <div
        class="slider__rail slider__rail--green "
      />
      <div
        class="slider-handles"
      >
        <svg
          aria-valuemax="100"
          aria-valuemin="0"
          aria-valuenow="50"
          class="handle "
          height="41.562"
          role="slider"
          style="top: 50%; user-select: none; webkit-user-drag: none; -webkit-tap-highlight-color: rgba(0, 0, 0, 0);"
          width="88.143"
          xmlns="http://www.w3.org/2000/svg"
        >
          <path
            d="M26.451 41.547h-.064V41.5L0 20.774 26.387.053V0H80.142a8 8 0 018 8v25.547a8 8 0 01-8 8H26.471v.015z"
            fill="#2a434f"
          />
          <text
            class="handle__value"
            x="24%"
            y="70%"
          >
            50.00
          </text>
        </svg>
      </div>
      <div
        class="slider-tracks"
      >
        <div
          class="track track--red "
          style="top: 0%; height: 50%;"
        />
      </div>
    </div>
  </div>
</div>
`;
