// Jest Snapshot v1, https://goo.gl/fbAQLP

exports[`Carousel should match snapshot 1`] = `
Object {
  "asFragment": [Function],
  "baseElement": <body>
    <div>
      <div
        class="container"
      >
        <div
          class="swiper-container swiper-container-initialized swiper-container-horizontal"
        >
          <div
            class="swiper-pagination swiper-pagination-clickable swiper-pagination-bullets"
          />
          <div
            class="swiper-wrapper"
            style="transition: 0ms; transform: translate3d(NaNpx, 0px, 0px);"
          >
            <div
              class="swiper-slide swiper-slide-duplicate slide"
              data-swiper-slide-index="4"
            >
              <div
                class="carousel__slide-inner"
              >
                <div
                  class="headline"
                >
                  I'm the 
                  <strong>
                    FIFTH
                  </strong>
                   Slide.
                </div>
              </div>
            </div>
            <div
              class="swiper-slide slide"
              data-swiper-slide-index="0"
            >
              <div
                class="carousel__slide-inner"
              >
                <div
                  class="headline"
                >
                  Your friends make 
                  <strong>
                    BETS
                  </strong>
                  <br />
                   you get 
                  <strong>
                    BITS
                  </strong>
                  !
                </div>
                <div
                  class="subline"
                >
                  Best referral program comissions you will ever find
                </div>
              </div>
            </div>
            <div
              class="swiper-slide slide"
              data-swiper-slide-index="1"
            >
              <div
                class="carousel__slide-inner"
              >
                <div
                  class="headline"
                >
                  I'm the 
                  <strong>
                    SECOND
                  </strong>
                   Slide.
                </div>
              </div>
            </div>
            <div
              class="swiper-slide slide"
              data-swiper-slide-index="2"
            >
              <div
                class="carousel__slide-inner"
              >
                <div
                  class="headline"
                >
                  I'm the 
                  <strong>
                    THIRD
                  </strong>
                   Slide.
                </div>
              </div>
            </div>
            <div
              class="swiper-slide slide"
              data-swiper-slide-index="3"
            >
              <div
                class="carousel__slide-inner"
              >
                <div
                  class="headline"
                >
                  I'm the 
                  <strong>
                    FOURTH
                  </strong>
                   Slide.
                </div>
              </div>
            </div>
            <div
              class="swiper-slide slide"
              data-swiper-slide-index="4"
            >
              <div
                class="carousel__slide-inner"
              >
                <div
                  class="headline"
                >
                  I'm the 
                  <strong>
                    FIFTH
                  </strong>
                   Slide.
                </div>
              </div>
            </div>
            <div
              class="swiper-slide swiper-slide-duplicate slide"
              data-swiper-slide-index="0"
            >
              <div
                class="carousel__slide-inner"
              >
                <div
                  class="headline"
                >
                  Your friends make 
                  <strong>
                    BETS
                  </strong>
                  <br />
                   you get 
                  <strong>
                    BITS
                  </strong>
                  !
                </div>
                <div
                  class="subline"
                >
                  Best referral program comissions you will ever find
                </div>
              </div>
            </div>
          </div>
        </div>
      </div>
    </div>
  </body>,
  "container": <div>
    <div
      class="container"
    >
      <div
        class="swiper-container swiper-container-initialized swiper-container-horizontal"
      >
        <div
          class="swiper-pagination swiper-pagination-clickable swiper-pagination-bullets"
        />
        <div
          class="swiper-wrapper"
          style="transition: 0ms; transform: translate3d(NaNpx, 0px, 0px);"
        >
          <div
            class="swiper-slide swiper-slide-duplicate slide"
            data-swiper-slide-index="4"
          >
            <div
              class="carousel__slide-inner"
            >
              <div
                class="headline"
              >
                I'm the 
                <strong>
                  FIFTH
                </strong>
                 Slide.
              </div>
            </div>
          </div>
          <div
            class="swiper-slide slide"
            data-swiper-slide-index="0"
          >
            <div
              class="carousel__slide-inner"
            >
              <div
                class="headline"
              >
                Your friends make 
                <strong>
                  BETS
                </strong>
                <br />
                 you get 
                <strong>
                  BITS
                </strong>
                !
              </div>
              <div
                class="subline"
              >
                Best referral program comissions you will ever find
              </div>
            </div>
          </div>
          <div
            class="swiper-slide slide"
            data-swiper-slide-index="1"
          >
            <div
              class="carousel__slide-inner"
            >
              <div
                class="headline"
              >
                I'm the 
                <strong>
                  SECOND
                </strong>
                 Slide.
              </div>
            </div>
          </div>
          <div
            class="swiper-slide slide"
            data-swiper-slide-index="2"
          >
            <div
              class="carousel__slide-inner"
            >
              <div
                class="headline"
              >
                I'm the 
                <strong>
                  THIRD
                </strong>
                 Slide.
              </div>
            </div>
          </div>
          <div
            class="swiper-slide slide"
            data-swiper-slide-index="3"
          >
            <div
              class="carousel__slide-inner"
            >
              <div
                class="headline"
              >
                I'm the 
                <strong>
                  FOURTH
                </strong>
                 Slide.
              </div>
            </div>
          </div>
          <div
            class="swiper-slide slide"
            data-swiper-slide-index="4"
          >
            <div
              class="carousel__slide-inner"
            >
              <div
                class="headline"
              >
                I'm the 
                <strong>
                  FIFTH
                </strong>
                 Slide.
              </div>
            </div>
          </div>
          <div
            class="swiper-slide swiper-slide-duplicate slide"
            data-swiper-slide-index="0"
          >
            <div
              class="carousel__slide-inner"
            >
              <div
                class="headline"
              >
                Your friends make 
                <strong>
                  BETS
                </strong>
                <br />
                 you get 
                <strong>
                  BITS
                </strong>
                !
              </div>
              <div
                class="subline"
              >
                Best referral program comissions you will ever find
              </div>
            </div>
          </div>
        </div>
      </div>
    </div>
  </div>,
  "debug": [Function],
  "findAllByAltText": [Function],
  "findAllByDisplayValue": [Function],
  "findAllByLabelText": [Function],
  "findAllByPlaceholderText": [Function],
  "findAllByRole": [Function],
  "findAllByTestId": [Function],
  "findAllByText": [Function],
  "findAllByTitle": [Function],
  "findByAltText": [Function],
  "findByDisplayValue": [Function],
  "findByLabelText": [Function],
  "findByPlaceholderText": [Function],
  "findByRole": [Function],
  "findByTestId": [Function],
  "findByText": [Function],
  "findByTitle": [Function],
  "getAllByAltText": [Function],
  "getAllByDisplayValue": [Function],
  "getAllByLabelText": [Function],
  "getAllByPlaceholderText": [Function],
  "getAllByRole": [Function],
  "getAllByTestId": [Function],
  "getAllByText": [Function],
  "getAllByTitle": [Function],
  "getByAltText": [Function],
  "getByDisplayValue": [Function],
  "getByLabelText": [Function],
  "getByPlaceholderText": [Function],
  "getByRole": [Function],
  "getByTestId": [Function],
  "getByText": [Function],
  "getByTitle": [Function],
  "queryAllByAltText": [Function],
  "queryAllByDisplayValue": [Function],
  "queryAllByLabelText": [Function],
  "queryAllByPlaceholderText": [Function],
  "queryAllByRole": [Function],
  "queryAllByTestId": [Function],
  "queryAllByText": [Function],
  "queryAllByTitle": [Function],
  "queryByAltText": [Function],
  "queryByDisplayValue": [Function],
  "queryByLabelText": [Function],
  "queryByPlaceholderText": [Function],
  "queryByRole": [Function],
  "queryByTestId": [Function],
  "queryByText": [Function],
  "queryByTitle": [Function],
  "rerender": [Function],
  "unmount": [Function],
}
`;
