// Jest Snapshot v1, https://goo.gl/fbAQLP

exports[`PasswordInput should match snapshot 1`] = `
<div>
  <div
    class="inputField__container"
  >
    <div
      class="inputField__wrapper"
    >
      <label
        class="inputField__label"
      >
        Password
      </label>
      <input
        autocomplete="off"
        class="inputField"
        type="password"
        value="Password123"
      />
      <span>
        <svg
          class="fill"
          viewBox="0 0 28.49 21.53"
          xmlns="http://www.w3.org/2000/svg"
        >
          <g
            data-name="Layer 2"
            id="Layer_2"
          >
            <g
              data-name="Layer 1"
              id="Layer_1-2"
            >
              <g
                data-name="Icon feather-eye"
                id="Icon_feather-eye"
              >
                <path
                  d="M1.5 10.77S6.13 1.5 14.24 1.5 27 10.77 27 10.77 22.35 20 14.24 20 1.5 10.77 1.5 10.77z"
                  data-name="Path 870"
                  id="Path_870"
                />
                <path
                  d="M17.72 10.77a3.48 3.48 0 11-3.48-3.48 3.47 3.47 0 013.48 3.48z"
                  data-name="Path 871"
                  id="Path_871"
                />
              </g>
            </g>
          </g>
        </svg>
      </span>
    </div>
  </div>
</div>
`;
