// Jest Snapshot v1, https://goo.gl/fbAQLP

exports[`PasswordInput should match snapshot 1`] = `
<div>
  <div
    class="inputField__container"
  >
    <div
      class="inputField__wrapper"
    >
      <label
        class="inputFieldLabel"
      >
        Password
      </label>
      <input
        autocomplete="off"
        class="inputField"
        type="password"
        value="Password123"
      />
    </div>
  </div>
</div>
`;
