// Jest Snapshot v1, https://goo.gl/fbAQLP

exports[`TransactionsPage should match snapshot 1`] = `
Object {
  "asFragment": [Function],
  "baseElement": <body>
    <div>
      <div
        class="container"
      >
        <h1
          class="headline"
        >
          transactions
        </h1>
        <div
          class="container "
        >
          <nav
            class="nav"
          >
            <a
              class="nav__link"
              href="/withdrawals"
            >
              WITHDRAWALS
            </a>
            <a
              class="nav__link"
              href="/deposits"
            >
              Deposits
            </a>
            <a
              class="nav__link"
              href="/bets"
            >
              Bets
            </a>
            <a
              class="nav__link"
              href="/bonuses"
            >
              Bonuses
            </a>
          </nav>
          <div
            class="details-container container container--light"
          >
            <div
              style="outline: none;"
              tabindex="-1"
            />
          </div>
        </div>
      </div>
    </div>
  </body>,
  "container": <div>
    <div
      class="container"
    >
      <h1
        class="headline"
      >
        transactions
      </h1>
      <div
        class="container "
      >
        <nav
          class="nav"
        >
          <a
            class="nav__link"
            href="/withdrawals"
          >
            WITHDRAWALS
          </a>
          <a
            class="nav__link"
            href="/deposits"
          >
            Deposits
          </a>
          <a
            class="nav__link"
            href="/bets"
          >
            Bets
          </a>
          <a
            class="nav__link"
            href="/bonuses"
          >
            Bonuses
          </a>
        </nav>
        <div
          class="details-container container container--light"
        >
          <div
            style="outline: none;"
            tabindex="-1"
          />
        </div>
      </div>
    </div>
  </div>,
  "debug": [Function],
  "findAllByAltText": [Function],
  "findAllByDisplayValue": [Function],
  "findAllByLabelText": [Function],
  "findAllByPlaceholderText": [Function],
  "findAllByRole": [Function],
  "findAllByTestId": [Function],
  "findAllByText": [Function],
  "findAllByTitle": [Function],
  "findByAltText": [Function],
  "findByDisplayValue": [Function],
  "findByLabelText": [Function],
  "findByPlaceholderText": [Function],
  "findByRole": [Function],
  "findByTestId": [Function],
  "findByText": [Function],
  "findByTitle": [Function],
  "getAllByAltText": [Function],
  "getAllByDisplayValue": [Function],
  "getAllByLabelText": [Function],
  "getAllByPlaceholderText": [Function],
  "getAllByRole": [Function],
  "getAllByTestId": [Function],
  "getAllByText": [Function],
  "getAllByTitle": [Function],
  "getByAltText": [Function],
  "getByDisplayValue": [Function],
  "getByLabelText": [Function],
  "getByPlaceholderText": [Function],
  "getByRole": [Function],
  "getByTestId": [Function],
  "getByText": [Function],
  "getByTitle": [Function],
  "queryAllByAltText": [Function],
  "queryAllByDisplayValue": [Function],
  "queryAllByLabelText": [Function],
  "queryAllByPlaceholderText": [Function],
  "queryAllByRole": [Function],
  "queryAllByTestId": [Function],
  "queryAllByText": [Function],
  "queryAllByTitle": [Function],
  "queryByAltText": [Function],
  "queryByDisplayValue": [Function],
  "queryByLabelText": [Function],
  "queryByPlaceholderText": [Function],
  "queryByRole": [Function],
  "queryByTestId": [Function],
  "queryByText": [Function],
  "queryByTitle": [Function],
  "rerender": [Function],
  "unmount": [Function],
}
`;
