// Jest Snapshot v1, https://goo.gl/fbAQLP

exports[`renders InputField 1`] = `
<div>
  <div
    class="inputField__container"
  >
    <div
      class="inputField__wrapper"
    >
      <label
        class="inputFieldLabel"
      />
      <input
        autocomplete="off"
        class="inputField"
        type="text"
        value=""
      />
    </div>
  </div>
</div>
`;
